Testing System Startup Performance...
Startup/Import Duration: 10.6389 seconds
Γ£ù WARNING: Startup took 10.64s. Expected < 1s.
AI Loading Status: Loading...
Detector Available: False
Waiting 5 seconds for background AI model load...
AI Loading Status after wait: Ready/Error
Detector Available after wait: True
Testing Camera non-blocking connection...
Monitoring Running: True
Camera Opening in background: True
Waiting 3 seconds for camera connection attempt...
Test complete.
